
> cd dev/aiotes/DT-AIOTES_docker/intermw-ipsm-deployment

> sudo docker-compose down -v

> sudo docker volume prune

> RPI_IP_ADDRESS="10.255.1.12"

> curl -u interiot:interiot -X "DELETE" http://10.255.1.12:9002/uaal/spaces/interiot

> curl -u interiot:interiot -X GET --header 'Accept: application/json' 'http://10.255.1.12:9002/uaal/spaces'

> ip address | grep eth0

> IP_ADDRESS="10.255.3.19"
> echo $IP_ADDRESS

> sudo nano environment/kafka_vars.env

> sudo ./initialize-volumes.sh

> sudo docker-compose up -d

> sudo docker container ls

> IPSM_CONTAINER_ID=""
> echo $IPSM_CONTAINER_ID

wait 45s

> sudo docker cp ~/.m2/repository/eu/inter-iot/translators/syntactic-translators/1.0/syntactic-translators-1.0.jar $IPSM_CONTAINER_ID:/usr/local/tomcat/webapps/ROOT/WEB-INF/lib; sudo docker cp ../../bridges/sensiNact/src/main/resources/intermw.properties $IPSM_CONTAINER_ID:/etc/inter-iot/intermw

> sudo docker cp ../../bridges/sensiNact/target/mw.bridge.sna-2.0.0-SNAPSHOT.jar $IPSM_CONTAINER_ID:/usr/local/tomcat/webapps/ROOT/WEB-INF/lib ; sudo docker cp ../../bridges/sensiNact/src/main/resources/SensiNactBridge.properties $IPSM_CONTAINER_ID:/etc/inter-iot/intermw

> sudo docker cp ../../bridges/universAAL/target/mw.bridge.uaal-2.3.0.jar $IPSM_CONTAINER_ID:/usr/local/tomcat/webapps/ROOT/WEB-INF/lib; sudo docker cp ../../bridges/universAAL/src/main/resources/UAALBridge.properties $IPSM_CONTAINER_ID:/etc/inter-iot/intermw

> sudo docker-compose restart intermw

wait 1mn

> sudo docker-compose logs intermw | grep "http://sensinact.ddns.net/sensinact"

> sudo docker-compose logs intermw | grep "http://inter-iot.eu/UniversAAL"

> sudo docker-compose logs -f intermw

upload alignments through
> http://localhost:8888/swagger/#!/Alignments/post_alignments

#clients

> curl -X POST "http://localhost:8083/api/mw2mw/clients" -H  "accept: application/json" -H  "Client-ID: pullclient_uAAL_source" -H  "Content-Type: application/json" -d "{      \"clientId\": \"pullclient_uAAL_source\",      \"receivingCapacity\": 1,      \"responseFormat\": \"JSON_LD\",      \"responseDelivery\": \"CLIENT_PULL\"    }"

> curl -X POST "http://localhost:8083/api/mw2mw/clients" -H  "accept: application/json" -H  "Client-ID: pullclient_sNa_target" -H  "Content-Type: application/json" -d "{      \"clientId\": \"pullclient_sNa_target\",      \"receivingCapacity\": 1,      \"responseFormat\": \"JSON_LD\",      \"responseDelivery\": \"CLIENT_PULL\"    }"

> curl -X POST "http://localhost:8083/api/mw2mw/clients" -H  "accept: application/json" -H  "Client-ID: forwardclient" -H  "Content-Type: application/json" -d "{      \"clientId\": \"forwardclient\",  \"callbackUrl\":\"http://$IP_ADDRESS:8084/receiver\",        \"receivingCapacity\": 1,      \"responseFormat\": \"JSON_LD\",      \"responseDelivery\": \"SERVER_PUSH\"    }"


source

#platforms

> curl -X POST "http://localhost:8083/api/mw2mw/platforms" -H  "accept: application/json" -H  "Client-ID: pullclient_uAAL_source" -H  "Content-Type: application/json" -d "{      \"platformId\": \"http://uAAL_source_platform_1\",      \"type\": \"http://inter-iot.eu/UniversAAL\",      \"baseEndpoint\": \"http://10.255.1.12:9002/uaal\",      \"location\": \"http://woquaz.de/uspace/demoroom/\",      \"name\": \"uAAL_source_platform_1\",       \"downstreamOutputAlignmentName\": \"\", \"encryptedPassword\": \"RemoteAPI\", \"encryptionAlgorithm\": \"RemoteAPI\",      \"downstreamOutputAlignmentVersion\": \"\",      \"downstreamInputAlignmentName\": \"AIOTES-universAAL-Alignment\",      \"downstreamInputAlignmentVersion\": \"2.1\",      \"upstreamInputAlignmentName\": \"universAAL-AIOTES-Alignment\",      \"upstreamInputAlignmentVersion\": \"2.0\",      \"upstreamOutputAlignmentName\": \"\",      \"upstreamOutputAlignmentVersion\": \"\"}"

> curl -u interiot:interiot -X GET --header 'Accept: application/json' 'http://10.255.1.12:9002/uaal/spaces'

expected response:
{"spaces":{"link":{"@href":"/uaal/spaces","@rel":"self"},"space":[{"@id":"myHome3","link":[{"@href":"/uaal/spaces/myHome3","@rel":"self"},{"@href":"/uaal/spaces/myHome3/context","@rel":"context"},{"@href":"/uaal/spaces/myHome3/service","@rel":"service"}],"callback":""},{"@id":"interiot","link":[{"@href":"/uaal/spaces/interiot","@rel":"self"},{"@href":"/uaal/spaces/interiot/context","@rel":"context"},{"@href":"/uaal/spaces/interiot/service","@rel":"service"}],"callback":"http://10.255.3.19:8980"}]}}

#devices

> curl -X POST "http://localhost:8083/api/mw2mw/devices" -H  "accept: application/json" -H  "Client-ID:pullclient_uAAL_source" -H  "Content-Type: application/json" -d "{   \"devices\": [     {       \"deviceId\":\"http://org.universAAL.uSpace.woquaz.de/demoHome#wiboBS1\",       \"hostedBy\": \"http://uAAL_source_platform_1\",  \"location\":\"http://woquaz.de/uspace/demoroom#BedRoom\",       \"name\": \"BedSensor_uAAL_source_1\"     }   ]}"
curl -u interiot:interiot -X GET --header 'Accept: application/json' 'http://10.255.1.12:9002/uaal/spaces/interiot/context/publishers'
curl -u interiot:interiot -X GET --header 'Accept: application/json' 'http://10.255.1.12:9002/uaal/spaces/interiot/context/subscribers'


#subscriptions

> curl -X POST "http://localhost:8083/api/mw2mw/subscriptions" -H  "accept: application/json" -H  "Client-ID: forwardclient" -H  "Content-Type: application/json" -d "{  \"deviceIds\": [    \"http://org.universAAL.uSpace.woquaz.de/demoHome#wiboBS1\"  ]}"


target

#platforms

> curl -X POST "http://localhost:8083/api/mw2mw/platforms" -H  "accept: application/json" -H  "Client-ID: pullclient_sNa_target" -H  "Content-Type: application/json" -d "{      \"platformId\": \"http://sNa_target_platform_1\",      \"type\": \"http://sensinact.ddns.net/sensinact\",      \"baseEndpoint\": \"http://$IP_ADDRESS:8082\",      \"location\": \"http://testbed.activage-isere.eu/PTL\",      \"name\": \"sNa_target_platform\",      \"downstreamInputAlignmentName\": \"\",      \"downstreamInputAlignmentVersion\": \"\",      \"downstreamOutputAlignmentName\": \"AIoTES2SensiNact\",      \"downstreamOutputAlignmentVersion\": \"0.7.7\",      \"upstreamOutputAlignmentName\": \"SensiNact2AIoTES\",      \"upstreamOutputAlignmentVersion\": \"0.7.7\",      \"upstreamInputAlignmentName\": \"\",      \"upstreamInputAlignmentVersion\": \"\"    }"

#devices

> curl -X POST "http://localhost:8083/api/mw2mw/devices" -H  "accept: application/json" -H  "Client-ID:pullclient_sNa_target" -H  "Content-Type: application/json" -d "{   \"devices\": [     {       \"deviceId\":\"http://sensinact.ddns.net/PTL-Day-laying-target/monitor/state\",       \"hostedBy\": \"http://sNa_target_platform_1\",  \"location\":\"http://testbed.activage-isere/PTL\",       \"name\": \"BedSensor_sNa_target\"     }   ]}"


Test data flow sensiNact source -> SIL -> sensiNact target

switch WOQ bed sensor

check bed sensor function state in uAAL source platform
> ssh pi@10.255.1.12
> tail -f /home/pi/uLive/data/log/Fh-IGD_SLBT.log | grep BedSensor
>>>>>>>>>>>>>>>>> BedSensor::wiboBS1@BedRoom->occupied = true
>>>>>>>>>>>>>>>>> BedSensor::wiboBS1@BedRoom->occupied = false



check bed sensor function state in sensiNact target platform
> curl -X GET --header 'Accept: application/json' 'http://localhost:8082/sensinact/providers/PTL-Day-laying-target/services/monitor/resources/state/GET'
{"type":"GET_RESPONSE","uri":"/PTL-Day-laying-target/monitor/state","errors":[{"trace":"","message":"Not found"}],"statusCode":404}
not as expected:
{
  "response": {
    "name": "state",
    "type": "boolean",
    "value": false,
    "timestamp": 1582025428006
  },
  "type": "GET_RESPONSE",
  "uri": "/PTL-Day-laying-target/monitor/state",
  "statusCode": 200
}


